../Core/Src/main.c:82:7:filter_read	40	static
../Core/Src/main.c:88:7:format_read	24	static
../Core/Src/main.c:96:6:send_string	16	static
../Core/Src/main.c:103:6:HAL_TIM_PeriodElapsedCallback	72	static
../Core/Src/main.c:120:5:main	8	static
../Core/Src/main.c:171:6:SystemClock_Config	120	static
../Core/Src/main.c:219:13:MX_ADC1_Init	32	static
../Core/Src/main.c:303:13:MX_TIM16_Init	8	static
../Core/Src/main.c:335:13:MX_USART2_UART_Init	8	static
../Core/Src/main.c:368:13:MX_DMA_Init	16	static
../Core/Src/main.c:386:13:MX_GPIO_Init	24	static
../Core/Src/main.c:408:6:Error_Handler	4	static,ignoring_inline_asm
